Nix <nix version>
Type :? for help.

nix-repl> :l doc-comments.nix
Added <number omitted> variables.

nix-repl> :doc measurement
Function `measurement`\
  â€¦ defined at /path/to/src/nix-functional-tests/repl/doc-comments.nix:13:17

ğŸ‘ˆ precisely this wide ğŸ‘‰
