Nix <nix version>
Type :? for help.

nix-repl> :l doc-comments.nix
Added <number omitted> variables.

nix-repl> :doc compact
Function `compact`\
  â€¦ defined at /path/to/src/nix-functional-tests/repl/doc-comments.nix:18:20

boom
