Nix <nix version>
Type :? for help.

nix-repl> :l doc-comments.nix
Added <number omitted> variables.

nix-repl> "Note that this is not yet complete"
"Note that this is not yet complete"

nix-repl> :doc documentedFormals
Function `documentedFormals`\
  â€¦ defined at /path/to/src/nix-functional-tests/repl/doc-comments.nix:57:5

Finds x
